[Licensing::Module] Trying to connect to existing licensing client channel...
[Licensing::IpcConnector] Connection attempt to the License Client on channel: "LicenseClient-andrew" failed because channel doesn't exist; code: "0x80000002"
[Licensing::Module] Successfully launched the LicensingClient (PId: 29168)
[Licensing::IpcConnector] Successfully connected to the License Client on channel: "LicenseClient-andrew" at "2026-10-10T04:24:35.9903856Z"
[Licensing::Client] Handshaking with LicensingClient:
  Version:                 1.13.1+ca5f299
  Session Id:              056a935b640a442a96d166d95f158a02
  Correlation Id:          c20d14582b09db211c8ded02a12f658e
  External correlation Id: 9014792299342136705
  Machine Id:              iwBuYtf/J2ijFURokfYeaps8byA=
[Licensing::Module] Successfully connected to LicensingClient on channel: "LicenseClient-andrew" (connect: 0.72s, validation: 0.04s, handshake: 1.19s)
[Licensing::IpcConnector] Successfully connected to the License Notification on channel: "LicenseClient-andrew-notifications" at "2026-10-10T04:24:37.2244293Z"
[Licensing::Module] Connected to LicensingClient (PId: 29168, launch time: 0.01, total connection time: 1.96s)
[Licensing::Module] Error: Access token is unavailable; failed to update
[Licensing::Client] Error: Code 500 while processing request (status: Unable to update licenses. Errors: No ULF license found.,Token not found in cache)
[Licensing::Client] Error: Code 500 while updating license in client (status: Unable to update licenses. Errors: No ULF license found.,Token not found in cache)
Built from '2022.3/staging' branch; Version is '2022.3.9f1 (ea401c316338) revision 15351836'; Using compiler version '192829333'; Build Type 'Release'
OS: 'Windows 11  (10.0.26200) 64bit Core' Language: 'en' Physical Memory: 32694 MB
[Licensing::Client] Successfully resolved entitlements
[Licensing::Module] Serial number assigned to: "5363644-UnityPersXXXX"
BatchMode: 1, IsHumanControllingUs: 0, StartBugReporterOnCrash: 0, Is64bit: 1, IsPro: 0

COMMAND LINE ARGUMENTS:
C:\Program Files\Unity\Hub\Editor\2022.3.9f1\Editor\Unity.exe
-batchmode
-quit
-projectPath
C:/Users/ryan1/code/lc-seeds/unity/CozyCatsAssets
-executeMethod
BuildCat.Build
-logFile
build.log
Successfully changed project path to: C:/Users/ryan1/code/lc-seeds/unity/CozyCatsAssets
C:/Users/ryan1/code/lc-seeds/unity/CozyCatsAssets
[UnityMemory] Configuration Parameters - Can be set up in boot.config
    "memorysetup-bucket-allocator-granularity=16"
    "memorysetup-bucket-allocator-bucket-count=8"
    "memorysetup-bucket-allocator-block-size=33554432"
    "memorysetup-bucket-allocator-block-count=8"
    "memorysetup-main-allocator-block-size=16777216"
    "memorysetup-thread-allocator-block-size=16777216"
    "memorysetup-gfx-main-allocator-block-size=16777216"
    "memorysetup-gfx-thread-allocator-block-size=16777216"
    "memorysetup-cache-allocator-block-size=4194304"
    "memorysetup-typetree-allocator-block-size=2097152"
    "memorysetup-profiler-bucket-allocator-granularity=16"
    "memorysetup-profiler-bucket-allocator-bucket-count=8"
    "memorysetup-profiler-bucket-allocator-block-size=33554432"
    "memorysetup-profiler-bucket-allocator-block-count=8"
    "memorysetup-profiler-allocator-block-size=16777216"
    "memorysetup-profiler-editor-allocator-block-size=1048576"
    "memorysetup-temp-allocator-size-main=16777216"
    "memorysetup-job-temp-allocator-block-size=2097152"
    "memorysetup-job-temp-allocator-block-size-background=1048576"
    "memorysetup-job-temp-allocator-reduction-small-platforms=262144"
    "memorysetup-allocator-temp-initial-block-size-main=262144"
    "memorysetup-allocator-temp-initial-block-size-worker=262144"
    "memorysetup-temp-allocator-size-background-worker=32768"
    "memorysetup-temp-allocator-size-job-worker=262144"
    "memorysetup-temp-allocator-size-preload-manager=33554432"
    "memorysetup-temp-allocator-size-nav-mesh-worker=65536"
    "memorysetup-temp-allocator-size-audio-worker=65536"
    "memorysetup-temp-allocator-size-cloud-worker=32768"
    "memorysetup-temp-allocator-size-gi-baking-worker=262144"
    "memorysetup-temp-allocator-size-gfx=262144"
Player connection [29864] Host "[IP] 192.168.0.53 [Port] 55496 [Flags] 2 [Guid] 4140606478 [EditorId] 4140606478 [Version] 1048832 [Id] WindowsEditor(7,DESKTOP-3080) [Debug] 1 [PackageName] WindowsEditor [ProjectName] Editor" joined multi-casting on [225.0.0.222:54997]...

Player connection [29864] Host "[IP] 192.168.0.53 [Port] 55496 [Flags] 2 [Guid] 4140606478 [EditorId] 4140606478 [Version] 1048832 [Id] WindowsEditor(7,DESKTOP-3080) [Debug] 1 [PackageName] WindowsEditor [ProjectName] Editor" joined alternative multi-casting on [225.0.0.222:34997]...

[Physics::Module] Initialized MultithreadedJobDispatcher with 15 workers.
[Package Manager] UpmClient::Connect -- Connected to IPC stream "Upm-11456" after 0.5 seconds.
[Licensing::Client] Successfully resolved entitlements
[Package Manager] Restoring resolved packages state from cache
[Licensing::Client] Successfully resolved entitlement details
[Package Manager] Registered 32 packages:
  Built-in packages:
    com.unity.modules.ai@1.0.0 (location: C:\Users\ryan1\code\lc-seeds\unity\CozyCatsAssets\Library\PackageCache\com.unity.modules.ai@1.0.0)
    com.unity.modules.androidjni@1.0.0 (location: C:\Users\ryan1\code\lc-seeds\unity\CozyCatsAssets\Library\PackageCache\com.unity.modules.androidjni@1.0.0)
    com.unity.modules.animation@1.0.0 (location: C:\Users\ryan1\code\lc-seeds\unity\CozyCatsAssets\Library\PackageCache\com.unity.modules.animation@1.0.0)
    com.unity.modules.assetbundle@1.0.0 (location: C:\Users\ryan1\code\lc-seeds\unity\CozyCatsAssets\Library\PackageCache\com.unity.modules.assetbundle@1.0.0)
    com.unity.modules.audio@1.0.0 (location: C:\Users\ryan1\code\lc-seeds\unity\CozyCatsAssets\Library\PackageCache\com.unity.modules.audio@1.0.0)
    com.unity.modules.cloth@1.0.0 (location: C:\Users\ryan1\code\lc-seeds\unity\CozyCatsAssets\Library\PackageCache\com.unity.modules.cloth@1.0.0)
    com.unity.modules.director@1.0.0 (location: C:\Users\ryan1\code\lc-seeds\unity\CozyCatsAssets\Library\PackageCache\com.unity.modules.director@1.0.0)
    com.unity.modules.imageconversion@1.0.0 (location: C:\Users\ryan1\code\lc-seeds\unity\CozyCatsAssets\Library\PackageCache\com.unity.modules.imageconversion@1.0.0)
    com.unity.modules.imgui@1.0.0 (location: C:\Users\ryan1\code\lc-seeds\unity\CozyCatsAssets\Library\PackageCache\com.unity.modules.imgui@1.0.0)
    com.unity.modules.jsonserialize@1.0.0 (location: C:\Users\ryan1\code\lc-seeds\unity\CozyCatsAssets\Library\PackageCache\com.unity.modules.jsonserialize@1.0.0)
    com.unity.modules.particlesystem@1.0.0 (location: C:\Users\ryan1\code\lc-seeds\unity\CozyCatsAssets\Library\PackageCache\com.unity.modules.particlesystem@1.0.0)
    com.unity.modules.physics@1.0.0 (location: C:\Users\ryan1\code\lc-seeds\unity\CozyCatsAssets\Library\PackageCache\com.unity.modules.physics@1.0.0)
    com.unity.modules.physics2d@1.0.0 (location: C:\Users\ryan1\code\lc-seeds\unity\CozyCatsAssets\Library\PackageCache\com.unity.modules.physics2d@1.0.0)
    com.unity.modules.screencapture@1.0.0 (location: C:\Users\ryan1\code\lc-seeds\unity\CozyCatsAssets\Library\PackageCache\com.unity.modules.screencapture@1.0.0)
    com.unity.modules.terrain@1.0.0 (location: C:\Users\ryan1\code\lc-seeds\unity\CozyCatsAssets\Library\PackageCache\com.unity.modules.terrain@1.0.0)
    com.unity.modules.terrainphysics@1.0.0 (location: C:\Users\ryan1\code\lc-seeds\unity\CozyCatsAssets\Library\PackageCache\com.unity.modules.terrainphysics@1.0.0)
    com.unity.modules.tilemap@1.0.0 (location: C:\Users\ryan1\code\lc-seeds\unity\CozyCatsAssets\Library\PackageCache\com.unity.modules.tilemap@1.0.0)
    com.unity.modules.ui@1.0.0 (location: C:\Users\ryan1\code\lc-seeds\unity\CozyCatsAssets\Library\PackageCache\com.unity.modules.ui@1.0.0)
    com.unity.modules.uielements@1.0.0 (location: C:\Users\ryan1\code\lc-seeds\unity\CozyCatsAssets\Library\PackageCache\com.unity.modules.uielements@1.0.0)
    com.unity.modules.umbra@1.0.0 (location: C:\Users\ryan1\code\lc-seeds\unity\CozyCatsAssets\Library\PackageCache\com.unity.modules.umbra@1.0.0)
    com.unity.modules.unityanalytics@1.0.0 (location: C:\Users\ryan1\code\lc-seeds\unity\CozyCatsAssets\Library\PackageCache\com.unity.modules.unityanalytics@1.0.0)
    com.unity.modules.unitywebrequest@1.0.0 (location: C:\Users\ryan1\code\lc-seeds\unity\CozyCatsAssets\Library\PackageCache\com.unity.modules.unitywebrequest@1.0.0)
    com.unity.modules.unitywebrequestassetbundle@1.0.0 (location: C:\Users\ryan1\code\lc-seeds\unity\CozyCatsAssets\Library\PackageCache\com.unity.modules.unitywebrequestassetbundle@1.0.0)
    com.unity.modules.unitywebrequestaudio@1.0.0 (location: C:\Users\ryan1\code\lc-seeds\unity\CozyCatsAssets\Library\PackageCache\com.unity.modules.unitywebrequestaudio@1.0.0)
    com.unity.modules.unitywebrequesttexture@1.0.0 (location: C:\Users\ryan1\code\lc-seeds\unity\CozyCatsAssets\Library\PackageCache\com.unity.modules.unitywebrequesttexture@1.0.0)
    com.unity.modules.unitywebrequestwww@1.0.0 (location: C:\Users\ryan1\code\lc-seeds\unity\CozyCatsAssets\Library\PackageCache\com.unity.modules.unitywebrequestwww@1.0.0)
    com.unity.modules.vehicles@1.0.0 (location: C:\Users\ryan1\code\lc-seeds\unity\CozyCatsAssets\Library\PackageCache\com.unity.modules.vehicles@1.0.0)
    com.unity.modules.video@1.0.0 (location: C:\Users\ryan1\code\lc-seeds\unity\CozyCatsAssets\Library\PackageCache\com.unity.modules.video@1.0.0)
    com.unity.modules.vr@1.0.0 (location: C:\Users\ryan1\code\lc-seeds\unity\CozyCatsAssets\Library\PackageCache\com.unity.modules.vr@1.0.0)
    com.unity.modules.wind@1.0.0 (location: C:\Users\ryan1\code\lc-seeds\unity\CozyCatsAssets\Library\PackageCache\com.unity.modules.wind@1.0.0)
    com.unity.modules.xr@1.0.0 (location: C:\Users\ryan1\code\lc-seeds\unity\CozyCatsAssets\Library\PackageCache\com.unity.modules.xr@1.0.0)
    com.unity.modules.subsystems@1.0.0 (location: C:\Users\ryan1\code\lc-seeds\unity\CozyCatsAssets\Library\PackageCache\com.unity.modules.subsystems@1.0.0)
[Subsystems] No new subsystems found in resolved package list.
Package Manager log level set to [2]
[Package Manager] Done registering packages in 0.23 seconds
Refreshing native plugins compatible for Editor in 0.00 ms, found 0 plugins.
Preloading 0 native plugins for Editor in 0.00 ms.
Initialize engine version: 2022.3.9f1 (ea401c316338)
[Subsystems] Discovering subsystems at path C:/Program Files/Unity/Hub/Editor/2022.3.9f1/Editor/Data/Resources/UnitySubsystems
[Subsystems] Discovering subsystems at path C:/Users/ryan1/code/lc-seeds/unity/CozyCatsAssets/Assets
GfxDevice: creating device client; threaded=0; jobified=0
Direct3D:
    Version:  Direct3D 11.0 [level 11.1]
    Renderer: NVIDIA GeForce RTX 5070 Ti (ID=0x2c05)
    Vendor:   NVIDIA
    VRAM:     15995 MB
    Driver:   32.0.16.1692
[Licensing::Client] Successfully resolved entitlements
Initialize mono
Mono path[0] = 'C:/Program Files/Unity/Hub/Editor/2022.3.9f1/Editor/Data/Managed'
Mono path[1] = 'C:/Program Files/Unity/Hub/Editor/2022.3.9f1/Editor/Data/MonoBleedingEdge/lib/mono/unityjit-win32'
Mono config path = 'C:/Program Files/Unity/Hub/Editor/2022.3.9f1/Editor/Data/MonoBleedingEdge/etc'
Using monoOptions --debugger-agent=transport=dt_socket,embedding=1,server=y,suspend=n,address=127.0.0.1:56456
Using cacheserver namespaces - metadata:defaultmetadata, artifacts:defaultartifacts
Using cacheserver namespaces - metadata:defaultmetadata, artifacts:defaultartifacts
ImportWorker Server TCP listen port: 0
Begin MonoManager ReloadAssembly
Registering precompiled unity dll's ...
Register platform support module: C:/Program Files/Unity/Hub/Editor/2022.3.9f1/Editor/Data/PlaybackEngines/WindowsStandaloneSupport/UnityEditor.WindowsStandalone.Extensions.dll
Registered in 0.091779 seconds.
- Loaded All Assemblies, in  4.212 seconds
Native extension for WindowsStandalone target not found
Mono: successfully reloaded assembly
- Finished resetting the current domain, in  0.220 seconds
Domain Reload Profiling: 4430ms
	BeginReloadAssembly (3061ms)
		ExecutionOrderSort (0ms)
		DisableScriptedObjects (0ms)
		BackupInstance (0ms)
		ReleaseScriptingObjects (0ms)
		CreateAndSetChildDomain (2ms)
	RebuildCommonClasses (293ms)
	RebuildNativeTypeToScriptingClass (8ms)
	initialDomainReloadingComplete (146ms)
	LoadAllAssembliesAndSetupDomain (701ms)
		LoadAssemblies (3055ms)
		RebuildTransferFunctionScriptingTraits (0ms)
		AnalyzeDomain (699ms)
			TypeCache.Refresh (697ms)
				TypeCache.ScanAssembly (507ms)
			ScanForSourceGeneratedMonoScriptInfo (0ms)
			ResolveRequiredComponents (1ms)
	FinalizeReload (220ms)
		ReleaseScriptCaches (0ms)
		RebuildScriptCaches (0ms)
		SetupLoadedEditorAssemblies (175ms)
			LogAssemblyErrors (0ms)
			InitializePlatformSupportModulesInManaged (9ms)
			SetLoadedEditorAssemblies (6ms)
			RefreshPlugins (0ms)
			BeforeProcessingInitializeOnLoad (2ms)
			ProcessInitializeOnLoadAttributes (115ms)
			ProcessInitializeOnLoadMethodAttributes (43ms)
			AfterProcessingInitializeOnLoad (0ms)
			EditorAssembliesLoaded (0ms)
		ExecutionOrderSort2 (0ms)
		AwakeInstancesAfterBackupRestoration (0ms)
[Licensing::Client] Successfully resolved entitlements
Application.AssetDatabase Initial Refresh Start
[ScriptCompilation] Requested script compilation because: Assetdatabase observed changes in script compilation related files
info: Microsoft.Hosting.Lifetime[14]
      Now listening on: http://localhost:80
info: Microsoft.Hosting.Lifetime[0]
      Application started. Press Ctrl+C to shut down.
info: Microsoft.Hosting.Lifetime[0]
      Hosting environment: Production
info: Microsoft.Hosting.Lifetime[0]
      Content root path: C:\Users\ryan1\code\lc-seeds\unity\CozyCatsAssets\
info: Microsoft.AspNetCore.Hosting.Diagnostics[1]
      Request starting HTTP/2 POST http://ilpp/UnityILPP.PostProcessing/Ping application/grpc -
info: Microsoft.AspNetCore.Routing.EndpointMiddleware[0]
      Executing endpoint 'gRPC - /UnityILPP.PostProcessing/Ping'
info: Microsoft.AspNetCore.Routing.EndpointMiddleware[1]
      Executed endpoint 'gRPC - /UnityILPP.PostProcessing/Ping'
info: Microsoft.AspNetCore.Hosting.Diagnostics[2]
      Request finished HTTP/2 POST http://ilpp/UnityILPP.PostProcessing/Ping application/grpc - - 200 - application/grpc 32.6797ms
Starting: C:\Program Files\Unity\Hub\Editor\2022.3.9f1\Editor\Data\bee_backend.exe --dont-print-to-structured-log --ipc --defer-dag-verification --dagfile="Library/Bee/1900b0aE.dag" --continue-on-failure --profile="Library/Bee/backend1.traceevents" ScriptAssemblies
WorkingDir: C:/Users/ryan1/code/lc-seeds/unity/CozyCatsAssets
DisplayProgressbar: Compiling Scripts
ExitCode: 0 Duration: 2s476ms
[92/95      2s] Csc Library/Bee/artifacts/1900b0aE.dag/Assembly-CSharp-Editor.dll (+2 others)
[93/95      0s] CopyFiles Library/ScriptAssemblies/Assembly-CSharp-Editor.pdb
[94/95      0s] CopyFiles Library/ScriptAssemblies/Assembly-CSharp-Editor.dll
*** Tundra build success (2.44 seconds), 3 items updated, 95 evaluated
AssetDatabase: script compilation time: 3.009463s
Begin MonoManager ReloadAssembly
- Loaded All Assemblies, in  0.221 seconds
Refreshing native plugins compatible for Editor in 0.00 ms, found 0 plugins.
Preloading 0 native plugins for Editor in 0.00 ms.
Start importing Assets/Editor/BuildCat.cs using Guid(9e0f996025f65754d9d283eb2e04ab95) Importer(-1,00000000000000000000000000000000)  -> (artifact id: 'e5f45dfff9e2d75338796dcbb4688d27') in 0.027607 seconds
Refreshing native plugins compatible for Editor in 0.00 ms, found 0 plugins.
Native extension for WindowsStandalone target not found
Total cache size 120728184
Total cache size after purge 120728184
Mono: successfully reloaded assembly
- Finished resetting the current domain, in  0.250 seconds
Domain Reload Profiling: 469ms
	BeginReloadAssembly (125ms)
		ExecutionOrderSort (0ms)
		DisableScriptedObjects (4ms)
		BackupInstance (0ms)
		ReleaseScriptingObjects (0ms)
		CreateAndSetChildDomain (18ms)
	RebuildCommonClasses (25ms)
	RebuildNativeTypeToScriptingClass (7ms)
	initialDomainReloadingComplete (23ms)
	LoadAllAssembliesAndSetupDomain (39ms)
		LoadAssemblies (103ms)
		RebuildTransferFunctionScriptingTraits (0ms)
		AnalyzeDomain (4ms)
			TypeCache.Refresh (3ms)
				TypeCache.ScanAssembly (0ms)
			ScanForSourceGeneratedMonoScriptInfo (0ms)
			ResolveRequiredComponents (0ms)
	FinalizeReload (250ms)
		ReleaseScriptCaches (0ms)
		RebuildScriptCaches (0ms)
		SetupLoadedEditorAssemblies (163ms)
			LogAssemblyErrors (0ms)
			InitializePlatformSupportModulesInManaged (6ms)
			SetLoadedEditorAssemblies (4ms)
			RefreshPlugins (0ms)
			BeforeProcessingInitializeOnLoad (25ms)
			ProcessInitializeOnLoadAttributes (105ms)
			ProcessInitializeOnLoadMethodAttributes (14ms)
			AfterProcessingInitializeOnLoad (10ms)
			EditorAssembliesLoaded (0ms)
		ExecutionOrderSort2 (0ms)
		AwakeInstancesAfterBackupRestoration (8ms)
Start importing Assets/Cat/CatModel.fbx using Guid(34b642f7a22b4f4489d103e18e03c16c) Importer(-1,00000000000000000000000000000000) Launched and connected shader compiler UnityShaderCompiler.exe after 0.06 seconds
 -> (artifact id: '311f71b3d91c8680c5cec44f29cc3e6c') in 0.549175 seconds
Start importing Assets/Cat/CatModel.prefab using Guid(41c12ce11a800b34489683771b5ddd78) Importer(-1,00000000000000000000000000000000)  -> (artifact id: 'b49730b7edc5a22d0a7397a65c26fe23') in 0.012310 seconds
Refreshing native plugins compatible for Editor in 0.00 ms, found 0 plugins.
Preloading 0 native plugins for Editor in 0.00 ms.
Asset Pipeline Refresh (id=9fbcc574023eeee4f8843416131e08c2): Total: 4.258 seconds - Initiated by InitialRefreshV2(ForceSynchronousImport)
	Summary:
		Imports: total=3 (actual=3, local cache=0, cache server=0)
		Asset DB Process Time: managed=9 ms, native=657 ms
		Asset DB Callback time: managed=71 ms, native=6 ms
		Scripting: domain reloads=1, domain reload time=493 ms, compile time=3010 ms, other=9 ms
		Project Asset Count: scripts=87, non-scripts=51
		Asset File Changes: new=0, changed=2, moved=0, deleted=0
		Scan Filter Count: 0
	InvokeBeforeRefreshCallbacks: 0.653ms
	ApplyChangesToAssetFolders: 0.033ms
	Scan: 24.554ms
	OnSourceAssetsModified: 2.442ms
	GetAllGuidsForCategorization: 0.015ms
	CategorizeAssets: 1.343ms
	ImportOutOfDateAssets: 854.689ms (-2758.675ms without children)
		ImportManagerImport: 603.523ms (13.548ms without children)
			ImportInProcess: 589.961ms
			UpdateCategorizedAssets: 0.013ms
		CompileScripts: 3009.522ms
		ReloadNativeAssets: 0.001ms
		UnloadImportedAssets: 0.033ms
		ReloadImportedAssets: 0.001ms
		EnsureUptoDateAssetsAreRegisteredWithGuidPM: 0.020ms
		InitializingProgressBar: 0.194ms
		PostProcessAllAssetNotificationsAddChangedAssets: 0.000ms
		OnDemandSchedulerStart: 0.071ms
	PostProcessAllAssets: 74.463ms
	Hotreload: 1.142ms
	GatherAllCurrentPrimaryArtifactRevisions: 0.000ms
	UnloadStreamsBegin: 0.363ms
	PersistCurrentRevisions: 0.034ms
	UnloadStreamsEnd: 0.001ms
	GenerateScriptTypeHashes: 0.001ms
	Untracked: 3297.813ms
Application.AssetDatabase Initial Refresh End
Scanning for USB devices : 13.380ms
Initializing Unity extensions:
[Licensing::Client] Successfully resolved entitlements
[MODES] ModeService[none].Initialize
[MODES] ModeService[none].LoadModes
[MODES] Loading mode Default (0) for mode-current-id-CozyCatsAssets
ProgressiveSceneManager::Cancel()
Unloading 4 Unused Serialized files (Serialized files now loaded: 0)
Unloading 80 unused Assets / (476.5 KB). Loaded Objects now: 521.
Memory consumption went from 76.1 MB to 75.6 MB.
Total: 2.418600 ms (FindLiveObjects: 0.033500 ms CreateObjectMapping: 0.004400 ms MarkObjects: 2.161700 ms  DeleteObjects: 0.218500 ms)

Asset Pipeline Refresh (id=40e3e58c1b276df429748d41ea9865d8): Total: 0.008 seconds - Initiated by RefreshV2(NoUpdateAssetOptions)
Start importing Assets/Cat/CatModel.fbx using Guid(34b642f7a22b4f4489d103e18e03c16c) Importer(-1,00000000000000000000000000000000)  -> (artifact id: 'b14a73a444ecbb923916ffee99badfe3') in 0.112958 seconds
Start importing Assets/Cat/CatModel.prefab using Guid(41c12ce11a800b34489683771b5ddd78) Importer(-1,00000000000000000000000000000000)  -> (artifact id: '655bccb43d2a04cf3dccc01711e33f5e') in 0.003339 seconds
Refreshing native plugins compatible for Editor in 0.00 ms, found 0 plugins.
Preloading 0 native plugins for Editor in 0.00 ms.
Asset Pipeline Refresh (id=8dfffb5d5a1123b4681f04d30cd70628): Total: 0.142 seconds - Initiated by StopAssetImportingV2(NoUpdateAssetOptions)
[BuildCat] clips: Sit, Blink, EarTwitch.R, EarTwitch.L, Held, Meow, Idle, Loaf, Walk, Run
UnityEngine.StackTraceUtility:ExtractStackTrace ()
UnityEngine.DebugLogHandler:LogFormat (UnityEngine.LogType,UnityEngine.Object,string,object[])
UnityEngine.Logger:Log (UnityEngine.LogType,object)
UnityEngine.Debug:Log (object)
BuildCat:Build () (at Assets/Editor/BuildCat.cs:26)

(Filename: Assets/Editor/BuildCat.cs Line: 26)

Refreshing native plugins compatible for Editor in 0.00 ms, found 0 plugins.
Preloading 0 native plugins for Editor in 0.00 ms.
Asset Pipeline Refresh (id=1ba727886dc7b4540b984ec737b21a4b): Total: 0.003 seconds - Initiated by StopAssetImportingV2(NoUpdateAssetOptions)
Refreshing native plugins compatible for Editor in 0.00 ms, found 0 plugins.
Preloading 0 native plugins for Editor in 0.00 ms.
Asset Pipeline Refresh (id=44cc2e38b9c633247abbacc861b3b9bc): Total: 0.010 seconds - Initiated by StopAssetImportingV2(NoUpdateAssetOptions)
Refreshing native plugins compatible for Editor in 0.00 ms, found 0 plugins.
Preloading 0 native plugins for Editor in 0.00 ms.
Asset Pipeline Refresh (id=7c5c2cf89172a9241a39e90977238c5f): Total: 0.003 seconds - Initiated by StopAssetImportingV2(NoUpdateAssetOptions)
Start importing Assets/Cat/CatAnimator.controller using Guid(15b36313ed172b647b9318fbc6bd7eea) Importer(-1,00000000000000000000000000000000)  -> (artifact id: 'cbd2a05adec46354c32678529d8a2ed5') in 0.002029 seconds
Refreshing native plugins compatible for Editor in 0.00 ms, found 0 plugins.
Preloading 0 native plugins for Editor in 0.00 ms.
Asset Pipeline Refresh (id=d6791e0d1d0f42148aea7bf2e03415a1): Total: 0.011 seconds - Initiated by StopAssetImportingV2(NoUpdateAssetOptions)
Start importing Assets/Cat/CatAnimator.controller using Guid(15b36313ed172b647b9318fbc6bd7eea) Importer(-1,00000000000000000000000000000000)  -> (artifact id: 'f65c283429a6e4cf4ca81537730190e0') in 0.002184 seconds
Refreshing native plugins compatible for Editor in 0.00 ms, found 0 plugins.
Preloading 0 native plugins for Editor in 0.00 ms.
Asset Pipeline Refresh (id=b6ec4e459ecd0734dbcf0b10f0f2a75b): Total: 0.006 seconds - Initiated by StopAssetImportingV2(NoUpdateAssetOptions)
Asset Pipeline Refresh (id=b1f5923bed84e6c43b91d1e48f5f270d): Total: 0.004 seconds - Initiated by StopAssetImportingV2(NoUpdateAssetOptions)
Asset Pipeline Refresh (id=c034a6ab5e63eeb41a041ac92ead036f): Total: 0.004 seconds - Initiated by RefreshV2(NoUpdateAssetOptions)
info: Microsoft.AspNetCore.Hosting.Diagnostics[1]
      Request starting HTTP/2 POST http://ilpp/UnityILPP.PostProcessing/Ping application/grpc -
info: Microsoft.AspNetCore.Routing.EndpointMiddleware[0]
      Executing endpoint 'gRPC - /UnityILPP.PostProcessing/Ping'
info: Microsoft.AspNetCore.Routing.EndpointMiddleware[1]
      Executed endpoint 'gRPC - /UnityILPP.PostProcessing/Ping'
info: Microsoft.AspNetCore.Hosting.Diagnostics[2]
      Request finished HTTP/2 POST http://ilpp/UnityILPP.PostProcessing/Ping application/grpc - - 200 - application/grpc 1.1202ms
Starting: C:\Program Files\Unity\Hub\Editor\2022.3.9f1\Editor\Data\bee_backend.exe --dont-print-to-structured-log --ipc --defer-dag-verification --dagfile="Library/Bee/1900b0aESkipCompile.dag" --continue-on-failure --profile="Library/Bee/backend1.traceevents" ScriptAssembliesAndTypeDB
WorkingDir: C:/Users/ryan1/code/lc-seeds/unity/CozyCatsAssets
ExitCode: 0 Duration: 0s84ms
*** Tundra build success (0.05 seconds), 0 items updated, 2 evaluated
Asset Pipeline Refresh (id=ebc5f23eedcf5ba408aaf1cf7c38fdd3): Total: 0.002 seconds - Initiated by RefreshV2(NoUpdateAssetOptions)
[ScriptCompilation] Requested script compilation because: Recompiling scripts for player build.
BuildPlayer: start building target 19
info: Microsoft.AspNetCore.Hosting.Diagnostics[1]
      Request starting HTTP/2 POST http://ilpp/UnityILPP.PostProcessing/Ping application/grpc -
info: Microsoft.AspNetCore.Routing.EndpointMiddleware[0]
      Executing endpoint 'gRPC - /UnityILPP.PostProcessing/Ping'
info: Microsoft.AspNetCore.Routing.EndpointMiddleware[1]
      Executed endpoint 'gRPC - /UnityILPP.PostProcessing/Ping'
info: Microsoft.AspNetCore.Hosting.Diagnostics[2]
      Request finished HTTP/2 POST http://ilpp/UnityILPP.PostProcessing/Ping application/grpc - - 200 - application/grpc 0.3461ms
Starting: C:\Program Files\Unity\Hub\Editor\2022.3.9f1\Editor\Data\bee_backend.exe --dont-print-to-structured-log --ipc --defer-dag-verification --dagfile="Library/Bee/1900b0aP.dag" --continue-on-failure --profile="Library/Bee/backend1.traceevents" ScriptAssembliesAndTypeDB
WorkingDir: C:/Users/ryan1/code/lc-seeds/unity/CozyCatsAssets
ExitCode: 0 Duration: 0s45ms
*** Tundra build success (0.02 seconds), 0 items updated, 2 evaluated
Compiling shader "Standard" pass "FORWARD" (vp)
    Full variant space:         664
    After settings filtering:   664
    After built-in stripping:   8
    After scriptable stripping: 8
    Processed in 0.00 seconds
    starting compilation...
    finished in 0.01 seconds. Local cache hits 8 (0.05s CPU time), remote cache hits 0 (0.00s CPU time), compiled 0 variants (0.00s CPU time), skipped 0 variants
    Prepared data for serialisation in 0.00s
Compiling shader "Standard" pass "FORWARD" (fp)
    Full variant space:         504
    After settings filtering:   504
    After built-in stripping:   4
    After scriptable stripping: 4
    Processed in 0.00 seconds
    starting compilation...
    finished in 0.01 seconds. Local cache hits 4 (0.02s CPU time), remote cache hits 0 (0.00s CPU time), compiled 0 variants (0.00s CPU time), skipped 0 variants
    Prepared data for serialisation in 0.00s
Compiling shader "Standard" pass "FORWARD_DELTA" (vp)
    Full variant space:         188
    After settings filtering:   188
    After built-in stripping:   13
    After scriptable stripping: 13
    Processed in 0.00 seconds
    starting compilation...
    finished in 0.01 seconds. Local cache hits 13 (0.11s CPU time), remote cache hits 0 (0.00s CPU time), compiled 0 variants (0.00s CPU time), skipped 0 variants
    Prepared data for serialisation in 0.00s
Compiling shader "Standard" pass "FORWARD_DELTA" (fp)
    Full variant space:         188
    After settings filtering:   188
    After built-in stripping:   13
    After scriptable stripping: 13
    Processed in 0.00 seconds
    starting compilation...
    finished in 0.01 seconds. Local cache hits 13 (0.09s CPU time), remote cache hits 0 (0.00s CPU time), compiled 0 variants (0.00s CPU time), skipped 0 variants
    Prepared data for serialisation in 0.00s
Compiling shader "Standard" pass "ShadowCaster" (vp)
    Full variant space:         4
    After settings filtering:   4
    After built-in stripping:   2
    After scriptable stripping: 2
    Processed in 0.00 seconds
    starting compilation...
    finished in 0.00 seconds. Local cache hits 2 (0.00s CPU time), remote cache hits 0 (0.00s CPU time), compiled 0 variants (0.00s CPU time), skipped 0 variants
    Prepared data for serialisation in 0.00s
Compiling shader "Standard" pass "ShadowCaster" (fp)
    Full variant space:         4
    After settings filtering:   4
    After built-in stripping:   2
    After scriptable stripping: 2
    Processed in 0.00 seconds
    starting compilation...
    finished in 0.00 seconds. Local cache hits 2 (0.00s CPU time), remote cache hits 0 (0.00s CPU time), compiled 0 variants (0.00s CPU time), skipped 0 variants
    Prepared data for serialisation in 0.00s
Compiling shader "Standard" pass "DEFERRED" (vp)
    Full variant space:         76
    After settings filtering:   76
    After built-in stripping:   4
    After scriptable stripping: 4
    Processed in 0.00 seconds
    starting compilation...
    finished in 0.01 seconds. Local cache hits 4 (0.02s CPU time), remote cache hits 0 (0.00s CPU time), compiled 0 variants (0.00s CPU time), skipped 0 variants
    Prepared data for serialisation in 0.00s
Compiling shader "Standard" pass "DEFERRED" (fp)
    Full variant space:         76
    After settings filtering:   76
    After built-in stripping:   4
    After scriptable stripping: 4
    Processed in 0.00 seconds
    starting compilation...
    finished in 0.00 seconds. Local cache hits 4 (0.02s CPU time), remote cache hits 0 (0.00s CPU time), compiled 0 variants (0.00s CPU time), skipped 0 variants
    Prepared data for serialisation in 0.00s
Compiling shader "Standard" pass "FORWARD" (vp)
    Full variant space:         208
    After settings filtering:   208
    After built-in stripping:   8
    After scriptable stripping: 8
    Processed in 0.00 seconds
    starting compilation...
    finished in 0.01 seconds. Local cache hits 8 (0.03s CPU time), remote cache hits 0 (0.00s CPU time), compiled 0 variants (0.00s CPU time), skipped 0 variants
    Prepared data for serialisation in 0.00s
Compiling shader "Standard" pass "FORWARD" (fp)
    Full variant space:         148
    After settings filtering:   148
    After built-in stripping:   4
    After scriptable stripping: 4
    Processed in 0.00 seconds
    starting compilation...
    finished in 0.00 seconds. Local cache hits 4 (0.01s CPU time), remote cache hits 0 (0.00s CPU time), compiled 0 variants (0.00s CPU time), skipped 0 variants
    Prepared data for serialisation in 0.00s
Compiling shader "Standard" pass "FORWARD_DELTA" (vp)
    Full variant space:         140
    After settings filtering:   140
    After built-in stripping:   10
    After scriptable stripping: 10
    Processed in 0.00 seconds
    starting compilation...
    finished in 0.01 seconds. Local cache hits 10 (0.05s CPU time), remote cache hits 0 (0.00s CPU time), compiled 0 variants (0.00s CPU time), skipped 0 variants
    Prepared data for serialisation in 0.00s
Compiling shader "Standard" pass "FORWARD_DELTA" (fp)
    Full variant space:         140
    After settings filtering:   140
    After built-in stripping:   10
    After scriptable stripping: 10
    Processed in 0.00 seconds
    starting compilation...
    finished in 0.01 seconds. Local cache hits 10 (0.05s CPU time), remote cache hits 0 (0.00s CPU time), compiled 0 variants (0.00s CPU time), skipped 0 variants
    Prepared data for serialisation in 0.00s
Compiling shader "Standard" pass "ShadowCaster" (vp)
    Full variant space:         2
    After settings filtering:   2
    After built-in stripping:   2
    After scriptable stripping: 2
    Processed in 0.00 seconds
    starting compilation...
    finished in 0.00 seconds. Local cache hits 2 (0.00s CPU time), remote cache hits 0 (0.00s CPU time), compiled 0 variants (0.00s CPU time), skipped 0 variants
    Prepared data for serialisation in 0.00s
Compiling shader "Standard" pass "ShadowCaster" (fp)
    Full variant space:         2
    After settings filtering:   2
    After built-in stripping:   2
    After scriptable stripping: 2
    Processed in 0.00 seconds
    starting compilation...
    finished in 0.00 seconds. Local cache hits 2 (0.00s CPU time), remote cache hits 0 (0.00s CPU time), compiled 0 variants (0.00s CPU time), skipped 0 variants
    Prepared data for serialisation in 0.00s
Serialized binary data for shader Standard in 0.00s
    d3d11 (total internal programs: 86, unique: 72)
Total cache size 120728184
Total cache size after purge 120728184
Total cache size 120728184
Total cache size after purge 120728184

***Player size statistics***
Total compressed size 0.8 MB. Total uncompressed size 1.9 MB.
Unloading 16 Unused Serialized files (Serialized files now loaded: 0)
Unloading 232 unused Assets / (0.7 MB). Loaded Objects now: 535.
Memory consumption went from 85.3 MB to 84.6 MB.
Total: 2.706700 ms (FindLiveObjects: 0.042600 ms CreateObjectMapping: 0.007700 ms MarkObjects: 2.258100 ms  DeleteObjects: 0.397900 ms)


***Player size statistics***
Total compressed size 1.5 KB. Total uncompressed size 4.1 KB.
Unloading 0 Unused Serialized files (Serialized files now loaded: 0)
Unloading 0 unused Assets / (0 B). Loaded Objects now: 537.
Memory consumption went from 75.4 MB to 75.4 MB.
Total: 1.885300 ms (FindLiveObjects: 0.024500 ms CreateObjectMapping: 0.002200 ms MarkObjects: 1.856200 ms  DeleteObjects: 0.002000 ms)


-------------------------------------------------------------------------------
Bundle Name: cozycats
Compressed Size:784.6 kb
Uncompressed usage by category (Percentages based on user generated assets only):
Textures               0.0 kb	 0.0% 
Meshes                 255.4 kb	 13.2% 
Animations             1.1 mb	 58.3% 
Sounds                 363.0 kb	 18.7% 
Shaders                48.4 kb	 2.5% 
Other Assets           13.8 kb	 0.7% 
Levels                 0.0 kb	 0.0% 
Scripts                0.0 kb	 0.0% 
Included DLLs          0.0 kb	 0.0% 
File headers           127.9 kb	 6.6% 
Total User Assets      1.9 mb	 100.0% 
Complete build size    1.9 mb
Used Assets and files from the Resources folder, sorted by uncompressed size:
 1.4 mb	 71.6% Assets/Cat/CatModel.fbx
 104.5 kb	 5.4% Assets/Audio/purr_pearl.wav
 89.1 kb	 4.6% Assets/Audio/purr_minette.wav
 83.5 kb	 4.3% Assets/Audio/purr_perran.wav
 48.4 kb	 2.5% Resources/unity_builtin_extra
 14.8 kb	 0.8% Assets/Audio/meow_16.wav
 8.7 kb	 0.4% Assets/Audio/meow_06.wav
 7.9 kb	 0.4% Assets/Audio/meow_17.wav
 7.9 kb	 0.4% Assets/Audio/meow_09.wav
 7.4 kb	 0.4% Assets/Audio/meow_05.wav
 7.3 kb	 0.4% Assets/Audio/meow_18.wav
 7.2 kb	 0.4% Assets/Audio/meow_04.wav
 6.8 kb	 0.3% Assets/Audio/meow_03.wav
 6.4 kb	 0.3% Assets/Audio/meow_19.wav
 5.8 kb	 0.3% Assets/Audio/meow_tabby18.wav
 5.7 kb	 0.3% Assets/Audio/meow_tabby21.wav
 4.2 kb	 0.2% Assets/Cat/CatAnimator.controller
 4.1 kb	 0.2% Assets/Cat/CatModel.prefab
 1.9 kb	 0.1% AssetBundle Object
-------------------------------------------------------------------------------
-------------------------------------------------------------------------------
Bundle Name: AssetBundles
Compressed Size:1.5 kb
Uncompressed usage by category (Percentages based on user generated assets only):
Textures               0.0 kb	 0.0% 
Meshes                 0.0 kb	 0.0% 
Animations             0.0 kb	 0.0% 
Sounds                 0.0 kb	 0.0% 
Shaders                0.0 kb	 0.0% 
Other Assets           0.2 kb	 4.3% 
Levels                 0.0 kb	 0.0% 
Scripts                0.0 kb	 0.0% 
Included DLLs          0.0 kb	 0.0% 
File headers           3.9 kb	 95.7% 
Total User Assets      4.1 kb	 100.0% 
Complete build size    4.1 kb
Used Assets and files from the Resources folder, sorted by uncompressed size:
 0.1 kb	 2.5% AssetBundle Object
 0.1 kb	 1.8% Built-in AssetBundleManifest: AssetBundleManifest
-------------------------------------------------------------------------------
[BuildCat] mesh bounds Center: (0.00, 0.02, -0.22), Extents: (0.10, 0.31, 0.22) materials Cat_Fur,Cat_Pink,Cat_Eye,Cat_Pupil
UnityEngine.StackTraceUtility:ExtractStackTrace ()
UnityEngine.DebugLogHandler:LogFormat (UnityEngine.LogType,UnityEngine.Object,string,object[])
UnityEngine.Logger:Log (UnityEngine.LogType,object)
UnityEngine.Debug:Log (object)
BuildCat:Report (UnityEngine.GameObject) (at Assets/Editor/BuildCat.cs:184)
BuildCat:Build () (at Assets/Editor/BuildCat.cs:36)

(Filename: Assets/Editor/BuildCat.cs Line: 184)

[BuildCat] head (0.00, 0.27, -0.16) tail (0.00, 0.29, 0.29) (head should be +Z of tail)
UnityEngine.StackTraceUtility:ExtractStackTrace ()
UnityEngine.DebugLogHandler:LogFormat (UnityEngine.LogType,UnityEngine.Object,string,object[])
UnityEngine.Logger:Log (UnityEngine.LogType,object)
UnityEngine.Debug:Log (object)
BuildCat:Report (UnityEngine.GameObject) (at Assets/Editor/BuildCat.cs:187)
BuildCat:Build () (at Assets/Editor/BuildCat.cs:36)

(Filename: Assets/Editor/BuildCat.cs Line: 187)

[BuildCat] model root rotation (0.00, 0.00, 0.00) scale (1.00, 1.00, 1.00)
UnityEngine.StackTraceUtility:ExtractStackTrace ()
UnityEngine.DebugLogHandler:LogFormat (UnityEngine.LogType,UnityEngine.Object,string,object[])
UnityEngine.Logger:Log (UnityEngine.LogType,object)
UnityEngine.Debug:Log (object)
BuildCat:Report (UnityEngine.GameObject) (at Assets/Editor/BuildCat.cs:188)
BuildCat:Build () (at Assets/Editor/BuildCat.cs:36)

(Filename: Assets/Editor/BuildCat.cs Line: 188)

[BuildCat] done
UnityEngine.StackTraceUtility:ExtractStackTrace ()
UnityEngine.DebugLogHandler:LogFormat (UnityEngine.LogType,UnityEngine.Object,string,object[])
UnityEngine.Logger:Log (UnityEngine.LogType,object)
UnityEngine.Debug:Log (object)
BuildCat:Build () (at Assets/Editor/BuildCat.cs:37)

(Filename: Assets/Editor/BuildCat.cs Line: 37)

Batchmode quit successfully invoked - shutting down!
[Licensing::IpcConnector] License Notification channel disconnected successfully.
[Licensing::IpcConnector] License Client channel disconnected successfully.
Cleanup mono
abort_threads: Failed aborting id: 0000000000007E44, mono_thread_manage will ignore it

abort_threads: Failed aborting id: 000000000000352C, mono_thread_manage will ignore it

abort_threads: Failed aborting id: 0000000000007E44, mono_thread_manage will ignore it

abort_threads: Failed aborting id: 000000000000352C, mono_thread_manage will ignore it

debugger-agent: Unable to listen on 5060
[Performance] WinEditorMain                                                                                                  :        1 samples, Peak.  2.05 s (1.0x), Avg.  2.05 s, Total. 2.051 s (14.3%)
[Performance] WinEditorMain.ConfigureCrashHandler                                                                            :        1 samples, Peak.  15.9 us (1.0x), Avg.  15.9 us, Total. 15.90 us (0.0%)
[Performance] WinEditorMain.CurlRequestInitialize                                                                            :        1 samples, Peak.  1.87 ms (1.0x), Avg.  1.87 ms, Total. 1.868 ms (0.0%)
[Performance] WinEditorMain.SetupLogFile                                                                                     :        1 samples, Peak.   495 us (1.0x), Avg.   495 us, Total. 494.7 us (0.0%)
[Performance] WinEditorMain.RunNativeTestsIfRequiredAndExit                                                                  :        1 samples, Peak.   100 ns (1.0x), Avg.   100 ns, Total. 100.0 ns (0.0%)
[Performance] WinEditorMain.Licensing                                                                                        :        1 samples, Peak.  2.03 s (1.0x), Avg.  2.03 s, Total. 2.029 s (14.1%)
[Performance] WinEditorMain.InitializeCrashHandler                                                                           :        1 samples, Peak.  16.9 ms (1.0x), Avg.  16.9 ms, Total. 16.87 ms (0.1%)
[Performance] WinEditorMain.CreateApplication                                                                                :        1 samples, Peak.   201 us (1.0x), Avg.   201 us, Total. 200.6 us (0.0%)
[Performance] Application.InitializeProject                                                                                  :        1 samples, Peak.  10.7 s (1.0x), Avg.  10.7 s, Total. 10.66 s (74.2%)
[Performance] Application.PackageManager.StartServer                                                                         :        1 samples, Peak.  8.83 ms (1.0x), Avg.  8.83 ms, Total. 8.825 ms (0.1%)
[Performance] Application.AcquireProjectLock                                                                                 :        1 samples, Peak.  4.60 ms (1.0x), Avg.  4.60 ms, Total. 4.603 ms (0.0%)
[Performance] Application.InitializeEngineNoGraphics                                                                         :        1 samples, Peak.  79.5 ms (1.0x), Avg.  79.5 ms, Total. 79.53 ms (0.6%)
[Performance] Application.PackageManager.Initialize                                                                          :        1 samples, Peak.   520 ms (1.0x), Avg.   520 ms, Total. 520.1 ms (3.6%)
[Performance] Connecting to Package Manager                                                                                  :       53 samples, Peak.  45.6 us (34.0x), Avg.  1.34 us, Total. 71.00 us (0.0%)
[Performance] Application.EngineGraphics.Initialize                                                                          :        1 samples, Peak.   322 ms (1.0x), Avg.   322 ms, Total. 322.4 ms (2.2%)
[Performance] Application.GI.Initialize                                                                                      :        1 samples, Peak.  14.4 ms (1.0x), Avg.  14.4 ms, Total. 14.41 ms (0.1%)
[Performance] Application.LoadAllDefaultResourcesFromEditor                                                                  :        1 samples, Peak.  2.06 ms (1.0x), Avg.  2.06 ms, Total. 2.060 ms (0.0%)
[Performance] Application.LoadMonoAssemblies                                                                                 :        1 samples, Peak.  4.46 s (1.0x), Avg.  4.46 s, Total. 4.461 s (31.1%)
[Performance] RestoreManagedReferences                                                                                       :        2 samples, Peak.  35.6 ms (2.0x), Avg.  17.8 ms, Total. 35.63 ms (0.2%)
[Performance] InitializeOnLoad NativeFormatImporterUtility                                                                   :        2 samples, Peak.  2.51 ms (1.2x), Avg.  2.14 ms, Total. 4.271 ms (0.0%)
[Performance] InitializeOnLoad ShortcutIntegration                                                                           :        2 samples, Peak.  79.4 us (1.1x), Avg.  72.5 us, Total. 145.0 us (0.0%)
[Performance] InitializeOnLoad AssetStoreContext                                                                             :        2 samples, Peak.  22.0 ms (1.0x), Avg.  21.3 ms, Total. 42.62 ms (0.3%)
[Performance] InitializeOnLoad MenuItems                                                                                     :        2 samples, Peak.   511 us (1.1x), Avg.   484 us, Total. 969.0 us (0.0%)
[Performance] InitializeOnLoad SettingsService                                                                               :        2 samples, Peak.  10.8 us (1.2x), Avg.  8.70 us, Total. 17.40 us (0.0%)
[Performance] InitializeOnLoad SearchService                                                                                 :        2 samples, Peak.  94.7 us (1.0x), Avg.  93.8 us, Total. 187.6 us (0.0%)
[Performance] InitializeOnLoad ObjectSelectorSearch                                                                          :        2 samples, Peak.   250 us (1.1x), Avg.   225 us, Total. 450.7 us (0.0%)
[Performance] InitializeOnLoad ManagedDebugger                                                                               :        2 samples, Peak.   529 us (1.0x), Avg.   520 us, Total. 1.041 ms (0.0%)
[Performance] InitializeOnLoad ProjectSearch                                                                                 :        2 samples, Peak.   148 us (1.6x), Avg.  92.4 us, Total. 184.7 us (0.0%)
[Performance] InitializeOnLoad AddComponentWindow                                                                            :        2 samples, Peak.  94.6 us (1.1x), Avg.  88.9 us, Total. 177.8 us (0.0%)
[Performance] InitializeOnLoad ManagedDebuggerWindow                                                                         :        2 samples, Peak.   106 us (1.0x), Avg.   106 us, Total. 212.0 us (0.0%)
[Performance] InitializeOnLoad DrivenRectTransformUndo                                                                       :        2 samples, Peak.   175 us (1.0x), Avg.   175 us, Total. 349.2 us (0.0%)
[Performance] InitializeOnLoad SceneSearch                                                                                   :        2 samples, Peak.  74.1 us (1.4x), Avg.  53.1 us, Total. 106.1 us (0.0%)
[Performance] InitializeOnLoad CloudBuild                                                                                    :        2 samples, Peak.  4.40 us (1.3x), Avg.  3.40 us, Total. 6.800 us (0.0%)
[Performance] InitializeOnLoad UnityConnect                                                                                  :        2 samples, Peak.  42.5 us (1.0x), Avg.  41.9 us, Total. 83.80 us (0.0%)
[Performance] InitializeOnLoad WindowLayout                                                                                  :        2 samples, Peak.  28.6 us (1.0x), Avg.  27.8 us, Total. 55.70 us (0.0%)
[Performance] InitializeOnLoad PlayModeDownload                                                                              :        2 samples, Peak.  6.13 ms (1.8x), Avg.  3.35 ms, Total. 6.699 ms (0.0%)
[Performance] InitializeOnLoad CacheServerWindow                                                                             :        2 samples, Peak.  11.8 us (1.3x), Avg.  9.20 us, Total. 18.40 us (0.0%)
[Performance] InitializeOnLoad PrefabInstanceChangedListener                                                                 :        2 samples, Peak.   119 us (1.0x), Avg.   119 us, Total. 237.6 us (0.0%)
[Performance] InitializeOnLoad CheckNavigationPackage                                                                        :        2 samples, Peak.   219 us (1.1x), Avg.   206 us, Total. 411.7 us (0.0%)
[Performance] InitializeOnLoad MixerEffectDefinitionReloader                                                                 :        2 samples, Peak.  3.46 ms (1.5x), Avg.  2.37 ms, Total. 4.745 ms (0.0%)
[Performance] InitializeOnLoad EditMode                                                                                      :        2 samples, Peak.   808 us (1.5x), Avg.   556 us, Total. 1.112 ms (0.0%)
[Performance] InitializeOnLoad UISystemProfilerRenderService                                                                 :        2 samples, Peak.  8.70 us (1.2x), Avg.  7.35 us, Total. 14.70 us (0.0%)
[Performance] InitializeOnLoad EditorMonitor                                                                                 :        2 samples, Peak.   542 us (1.2x), Avg.   465 us, Total. 930.6 us (0.0%)
[Performance] InitializeOnLoad RetainedMode                                                                                  :        2 samples, Peak.  2.05 ms (1.0x), Avg.  2.02 ms, Total. 4.033 ms (0.0%)
[Performance] InitializeOnLoad EditorShaderLoader                                                                            :        2 samples, Peak.   739 us (1.1x), Avg.   649 us, Total. 1.297 ms (0.0%)
[Performance] InitializeOnLoad EditorDelegateRegistration                                                                    :        2 samples, Peak.   440 us (1.1x), Avg.   388 us, Total. 775.7 us (0.0%)
[Performance] InitializeOnLoad LiveReloadTrackerCreator                                                                      :        2 samples, Peak.   154 us (1.2x), Avg.   130 us, Total. 260.0 us (0.0%)
[Performance] InitializeOnLoad UxmlObjectEditorFactories                                                                     :        2 samples, Peak.   388 us (1.1x), Avg.   344 us, Total. 687.9 us (0.0%)
[Performance] InitializeOnLoad UIDocumentHierarchyWatcher                                                                    :        2 samples, Peak.  77.1 us (1.0x), Avg.  74.0 us, Total. 148.0 us (0.0%)
[Performance] InitializeOnLoad UXMLEditorFactories                                                                           :        2 samples, Peak.  49.7 ms (1.0x), Avg.  47.8 ms, Total. 95.66 ms (0.7%)
[Performance] InitializeOnLoad CloudBuildPoller                                                                              :        2 samples, Peak.   243 us (1.0x), Avg.   236 us, Total. 471.6 us (0.0%)
[Performance] InitializeOnLoad AnalyticsService                                                                              :        2 samples, Peak.  3.35 ms (1.1x), Avg.  3.14 ms, Total. 6.284 ms (0.0%)
[Performance] InitializeOnLoad UDPService                                                                                    :        2 samples, Peak.  1.61 ms (1.2x), Avg.  1.38 ms, Total. 2.765 ms (0.0%)
[Performance] InitializeOnLoad EditorGameServicesAnalytics                                                                   :        2 samples, Peak.  3.14 ms (1.2x), Avg.  2.58 ms, Total. 5.151 ms (0.0%)
[Performance] InitializeOnLoad PurchasingService                                                                             :        2 samples, Peak.  6.12 ms (1.0x), Avg.  5.89 ms, Total. 11.78 ms (0.1%)
[Performance] InitializeOnLoad ServicesRepository                                                                            :        2 samples, Peak.   600 ns (1.0x), Avg.   600 ns, Total. 1.200 us (0.0%)
[Performance] InitializeOnLoad AdsService                                                                                    :        2 samples, Peak.  2.08 ms (1.0x), Avg.  2.08 ms, Total. 4.150 ms (0.0%)
[Performance] InitializeOnLoad BuildService                                                                                  :        2 samples, Peak.  1.91 ms (1.3x), Avg.  1.53 ms, Total. 3.059 ms (0.0%)
[Performance] InitializeOnLoad CrashService                                                                                  :        2 samples, Peak.  1.60 ms (1.1x), Avg.  1.41 ms, Total. 2.820 ms (0.0%)
[Performance] InitializeOnLoad SearchWindow                                                                                  :        2 samples, Peak.   134 us (1.1x), Avg.   116 us, Total. 232.4 us (0.0%)
[Performance] InitializeOnLoad CustomIndexers                                                                                :        2 samples, Peak.   182 us (1.0x), Avg.   179 us, Total. 358.0 us (0.0%)
[Performance] InitializeOnLoad SearchMonitor                                                                                 :        2 samples, Peak.  2.46 ms (1.1x), Avg.  2.18 ms, Total. 4.351 ms (0.0%)
[Performance] InitializeOnLoad ParameterControllerEditor                                                                     :        2 samples, Peak.  13.7 us (1.0x), Avg.  13.3 us, Total. 26.60 us (0.0%)
[Performance] InitializeOnLoad LayerSettingsWindow                                                                           :        2 samples, Peak.  19.3 us (1.7x), Avg.  11.6 us, Total. 23.20 us (0.0%)
[Performance] InitializeOnLoad PackageManagerHookGUIDConverter.RegisterPackagesEventHandler                                  :        2 samples, Peak.   707 us (1.7x), Avg.   415 us, Total. 830.5 us (0.0%)
[Performance] InitializeOnLoad EditorDragAndDrop.RegisterEditorClient                                                        :        2 samples, Peak.   176 us (1.1x), Avg.   160 us, Total. 320.2 us (0.0%)
[Performance] InitializeOnLoad EditorEventCallbacks.InitializeFontAssetResourceChangeCallBacks                               :        2 samples, Peak.   961 us (1.0x), Avg.   941 us, Total. 1.882 ms (0.0%)
[Performance] InitializeOnLoad SceneTemplateService.Init                                                                     :        2 samples, Peak.  1.20 ms (1.1x), Avg.  1.13 ms, Total. 2.255 ms (0.0%)
[Performance] InitializeOnLoad DiagnosticSwitchesConsoleMessage.Init                                                         :        2 samples, Peak.  8.00 ms (1.8x), Avg.  4.42 ms, Total. 8.830 ms (0.1%)
[Performance] InitializeOnLoad ToolShortcutContext.Init                                                                      :        2 samples, Peak.   132 us (1.1x), Avg.   123 us, Total. 245.6 us (0.0%)
[Performance] InitializeOnLoad ScopedRegistryAddedPopup.SubscribeToRegistriesAdded                                           :        2 samples, Peak.  22.2 ms (1.5x), Avg.  14.4 ms, Total. 28.83 ms (0.2%)
[Performance] InitializeOnLoad SceneVisibilityManager.Initialize                                                             :        2 samples, Peak.  4.61 ms (1.8x), Avg.  2.63 ms, Total. 5.261 ms (0.0%)
[Performance] InitializeOnLoad SysrootManager.Initialize                                                                     :        2 samples, Peak.   408 us (1.1x), Avg.   380 us, Total. 760.8 us (0.0%)
[Performance] InitializeOnLoad MemoryProfilerCompilationGuard.InjectCompileGuard                                             :        2 samples, Peak.   140 us (1.0x), Avg.   140 us, Total. 279.2 us (0.0%)
[Performance] InitializeOnLoad PackageManagerWindow.EditorInitializedInSafeMode                                              :        2 samples, Peak.   168 us (1.2x), Avg.   141 us, Total. 282.0 us (0.0%)
[Performance] InitializeOnLoad AssetPostprocessingInternal.RefreshCustomDependencies                                         :        2 samples, Peak.  2.22 ms (1.3x), Avg.  1.70 ms, Total. 3.401 ms (0.0%)
[Performance] InitializeOnLoad EditorWindow.Initialize                                                                       :        2 samples, Peak.   157 us (1.1x), Avg.   148 us, Total. 296.6 us (0.0%)
[Performance] AssemblyReloadEvents.afterAssemblyReload: UnityEditor.SceneTemplate.SceneTemplateService.AfterAssemblyReload   :        2 samples, Peak.  3.56 ms (1.9x), Avg.  1.90 ms, Total. 3.801 ms (0.0%)
[Performance] ProcessService.EditorAfterLoadAllAssemblies                                                                    :        2 samples, Peak.   302 us (1.1x), Avg.   271 us, Total. 542.7 us (0.0%)
[Performance] Application.ReadLicenseInfo                                                                                    :        1 samples, Peak.  14.2 ms (1.0x), Avg.  14.2 ms, Total. 14.15 ms (0.1%)
[Performance] Application.InitialRefresh                                                                                     :        1 samples, Peak.  4.26 s (1.0x), Avg.  4.26 s, Total. 4.258 s (29.6%)
[Performance] ShaderImporter.SourceAssetModified                                                                             :        8 samples, Peak.   800 ns (2.1x), Avg.   375 ns, Total. 3.000 us (0.0%)
[Performance] ShaderIncludeImporter.SourceAssetModified                                                                      :        8 samples, Peak.   700 ns (1.5x), Avg.   475 ns, Total. 3.800 us (0.0%)
[Performance] Compiling Scripts                                                                                              :        1 samples, Peak.  3.01 s (1.0x), Avg.  3.01 s, Total. 3.010 s (20.9%)
[Performance] AssemblyReloadEvents.beforeAssemblyReload: UnityEditor.SceneTemplate.SceneTemplateService.BeforeAssemblyReload :        1 samples, Peak.   431 us (1.0x), Avg.   431 us, Total. 430.5 us (0.0%)
[Performance] PresetManagerPostProcessor.OnPreprocessAsset                                                                   :        7 samples, Peak.  1.27 ms (6.7x), Avg.   189 us, Total. 1.324 ms (0.0%)
[Performance] CancelSplashScreenOnAssetChange.OnPreprocessAsset                                                              :        7 samples, Peak.   422 us (6.8x), Avg.  61.6 us, Total. 431.2 us (0.0%)
[Performance] DidReloadScriptsAdvancedDropdownWindow.OnScriptReload                                                          :        1 samples, Peak.   164 us (1.0x), Avg.   164 us, Total. 164.4 us (0.0%)
[Performance] ModelImporter.Import                                                                                           :        2 samples, Peak.   531 ms (1.7x), Avg.   317 ms, Total. 633.3 ms (4.4%)
[Performance] SceneDataContainer.TransformHierarchyChangedSetParentCallback                                                  :      180 samples, Peak.  23.8 us (30.5x), Avg.   781 ns, Total. 140.6 us (0.0%)
[Performance] SceneVisibilityState.IsFlagSetInParents                                                                        :      804 samples, Peak.  1.50 us (6.3x), Avg.   239 ns, Total. 192.5 us (0.0%)
[Performance] FBXMaterialDescriptionPreprocessor.OnPreprocessMaterialDescription                                             :        8 samples, Peak.  3.21 ms (6.9x), Avg.   463 us, Total. 3.701 ms (0.0%)
[Performance] SketchupMaterialDescriptionPreprocessor.OnPreprocessMaterialDescription                                        :        8 samples, Peak.  78.2 us (6.4x), Avg.  12.2 us, Total. 97.70 us (0.0%)
[Performance] ThreeDSMaterialDescriptionPreprocessor.OnPreprocessMaterialDescription                                         :        8 samples, Peak.  64.9 us (6.8x), Avg.  9.49 us, Total. 75.90 us (0.0%)
[Performance] TreeAOImporter.OnPostprocessModel                                                                              :        2 samples, Peak.   941 us (2.0x), Avg.   473 us, Total. 947.0 us (0.0%)
[Performance] AssetDatabase.ImportAssets                                                                                     :        9 samples, Peak.  5.79 ms (9.0x), Avg.   644 us, Total. 5.792 ms (0.0%)
[Performance] VersionControl.Task.Wait                                                                                       :        1 samples, Peak.   211 us (1.0x), Avg.   211 us, Total. 211.0 us (0.0%)
[Performance] BuilderAssetPostprocessor.OnPostprocessAllAssets                                                               :       14 samples, Peak.  2.27 ms (6.9x), Avg.   329 us, Total. 4.605 ms (0.0%)
[Performance] ArtifactBrowserPostProcessor.OnPostprocessAllAssets                                                            :       14 samples, Peak.   401 us (6.8x), Avg.  58.7 us, Total. 822.4 us (0.0%)
[Performance] AssetEvents.OnPostprocessAllAssets                                                                             :       28 samples, Peak.   175 us (9.8x), Avg.  17.8 us, Total. 497.9 us (0.0%)
[Performance] AudioMixerPostprocessor.OnPostprocessAllAssets                                                                 :       14 samples, Peak.   240 us (6.8x), Avg.  35.4 us, Total. 495.8 us (0.0%)
[Performance] StyleCatalogPostProcessor.OnPostprocessAllAssets                                                               :       14 samples, Peak.  22.4 ms (7.0x), Avg.  3.21 ms, Total. 44.93 ms (0.3%)
[Performance] BuildCatalog                                                                                                   :        1 samples, Peak.  21.3 ms (1.0x), Avg.  21.3 ms, Total. 21.26 ms (0.1%)
[Performance] ModelImporterPostProcessor.OnPostprocessAllAssets                                                              :       14 samples, Peak.  11.3 ms (4.0x), Avg.  2.80 ms, Total. 39.17 ms (0.3%)
[Performance] RetainedModeAssetPostprocessor.OnPostprocessAllAssets                                                          :       14 samples, Peak.  2.65 ms (6.8x), Avg.   392 us, Total. 5.492 ms (0.0%)
[Performance] AssetChangedListener.OnPostprocessAllAssets                                                                    :       14 samples, Peak.  1.73 ms (5.9x), Avg.   292 us, Total. 4.083 ms (0.0%)
[Performance] SpeedTreePostProcessor.OnPostprocessAllAssets                                                                  :       14 samples, Peak.   562 us (6.7x), Avg.  84.3 us, Total. 1.180 ms (0.0%)
[Performance] TextAssetPostProcessor.OnPostprocessAllAssets                                                                  :       14 samples, Peak.   399 us (6.6x), Avg.  60.4 us, Total. 845.7 us (0.0%)
[Performance] SyncVS.PostprocessSyncProject                                                                                  :        7 samples, Peak.  19.4 ms (7.0x), Avg.  2.78 ms, Total. 19.45 ms (0.1%)
[Performance] Application.ImportPackagesAndSetTemplateWhenCreatingProject                                                    :        1 samples, Peak.  34.4 ms (1.0x), Avg.  34.4 ms, Total. 34.35 ms (0.2%)
[Performance] Application.SyncCurrentColorSpace                                                                              :        1 samples, Peak.  87.2 ms (1.0x), Avg.  87.2 ms, Total. 87.23 ms (0.6%)
[Performance] Application.OnUsbDevicesChanged                                                                                :        1 samples, Peak.  13.4 ms (1.0x), Avg.  13.4 ms, Total. 13.41 ms (0.1%)
[Performance] Application.AssetInstanceCacheUpdate                                                                           :        1 samples, Peak.   200 ns (1.0x), Avg.   200 ns, Total. 200.0 ns (0.0%)
[Performance] Application.UnityExtensions.Initialize                                                                         :        1 samples, Peak.   294 us (1.0x), Avg.   294 us, Total. 294.1 us (0.0%)
[Performance] CodeEditorProjectSync.SyncEditorProject                                                                        :        1 samples, Peak.  85.1 us (1.0x), Avg.  85.1 us, Total. 85.10 us (0.0%)
[Performance] Application.ExecuteStartups                                                                                    :        1 samples, Peak.  63.6 ms (1.0x), Avg.  63.6 ms, Total. 63.57 ms (0.4%)
[Performance] Menu.RegisterMenuInterface                                                                                     :       26 samples, Peak.   900 ns (4.3x), Avg.   208 ns, Total. 5.400 us (0.0%)
[Performance] Gizmo.RebuildRenderers                                                                                         :        2 samples, Peak.  62.0 ms (2.0x), Avg.  31.3 ms, Total. 62.52 ms (0.4%)
[Performance] Gizmo.AddGizmoRenderers                                                                                        :       38 samples, Peak.  1.31 ms (24.8x), Avg.  52.7 us, Total. 2.004 ms (0.0%)
[Performance] Application.editorInitializingProject                                                                          :        1 samples, Peak.  86.8 ms (1.0x), Avg.  86.8 ms, Total. 86.80 ms (0.6%)
[Performance] Application.InitializeMenu                                                                                     :        1 samples, Peak.  75.6 ms (1.0x), Avg.  75.6 ms, Total. 75.58 ms (0.5%)
[Performance] Menu.RebuildAll                                                                                                :        1 samples, Peak.  75.6 ms (1.0x), Avg.  75.6 ms, Total. 75.57 ms (0.5%)
[Performance] Menu.BuildRegisteredMenuInterfaces                                                                             :        1 samples, Peak.  73.6 ms (1.0x), Avg.  73.6 ms, Total. 73.61 ms (0.5%)
[Performance] Menu.FilterMenuItem                                                                                            :      447 samples, Peak.  16.5 ms (443.7x), Avg.  37.1 us, Total. 16.59 ms (0.1%)
[Performance] UpdateAllMenus                                                                                                 :        1 samples, Peak.   446 us (1.0x), Avg.   446 us, Total. 446.0 us (0.0%)
[Performance] Menu.RebuildOSMainMenu                                                                                         :        3 samples, Peak.  1.40 ms (1.2x), Avg.  1.13 ms, Total. 3.382 ms (0.0%)
[Performance] EditorSceneManager.sceneClosing: UnityEditor.SceneVisibilityManager.EditorSceneManagerOnSceneClosing           :        1 samples, Peak.   229 us (1.0x), Avg.   229 us, Total. 228.9 us (0.0%)
[Performance] GUIView.RepaintAll.PlayerLoopController                                                                        :        1 samples, Peak.   500 ns (1.0x), Avg.   500 ns, Total. 500.0 ns (0.0%)
[Performance] EditorSceneManager.newSceneCreated: UnityEditor.SceneTemplate.SceneTemplateService.OnNewSceneCreated           :        1 samples, Peak.   195 us (1.0x), Avg.   195 us, Total. 195.0 us (0.0%)
[Performance] EditorSceneManager.newSceneCreated: UnityEditor.SceneVisibilityManager.EditorSceneManagerOnNewSceneCreated     :        1 samples, Peak.   157 us (1.0x), Avg.   157 us, Total. 156.7 us (0.0%)
[Performance] EditorSceneManager.newSceneCreated: UnityEditor.SceneManagement.StageNavigationManager.OnNewSceneCreated       :        1 samples, Peak.  50.2 us (1.0x), Avg.  50.2 us, Total. 50.20 us (0.0%)
[Performance] Application.InvokeFinishedLoadingProject                                                                       :        1 samples, Peak.   469 us (1.0x), Avg.   469 us, Total. 468.7 us (0.0%)
[Performance] ProcessService.OnProjectLoaded                                                                                 :        1 samples, Peak.  27.3 us (1.0x), Avg.  27.3 us, Total. 27.30 us (0.0%)
[Performance] AssetDatabase.Refresh                                                                                          :        2 samples, Peak.  8.17 ms (1.7x), Avg.  4.87 ms, Total. 9.734 ms (0.1%)
[Performance] AssetDatabase.ImportAsset                                                                                      :        1 samples, Peak.   143 ms (1.0x), Avg.   143 ms, Total. 142.5 ms (1.0%)
[Performance] BuilderAssetModificationProcessor.OnWillSaveAssets                                                             :        5 samples, Peak.   320 us (4.8x), Avg.  67.1 us, Total. 335.7 us (0.0%)
[Performance] TerrainModificationProcessor.OnWillSaveAssets                                                                  :        5 samples, Peak.   516 us (4.9x), Avg.   104 us, Total. 522.2 us (0.0%)
[Performance] EditorApplication.projectChanged: UnityEditor.Audio.MixerEffectDefinitionReloader.OnProjectChanged             :        6 samples, Peak.   286 us (1.1x), Avg.   252 us, Total. 1.510 ms (0.0%)
[Performance] AssetDatabase.DeleteAssets                                                                                     :        2 samples, Peak.  5.61 ms (1.2x), Avg.  4.72 ms, Total. 9.435 ms (0.1%)
[Performance] BuilderAssetModificationProcessor.OnWillDeleteAsset                                                            :        2 samples, Peak.   266 us (2.0x), Avg.   135 us, Total. 269.3 us (0.0%)
[Performance] TMP_FontAssetPostProcessor.OnWillDeleteAsset                                                                   :        2 samples, Peak.   149 us (1.9x), Avg.  79.9 us, Total. 159.7 us (0.0%)
[Performance] CancelSplashScreenOnAssetDelete.OnWillDeleteAsset                                                              :        2 samples, Peak.  96.6 us (2.0x), Avg.  48.9 us, Total. 97.80 us (0.0%)
[Performance] BuilderAssetModificationProcessor.OnWillCreateAsset                                                            :        4 samples, Peak.   209 us (3.5x), Avg.  59.9 us, Total. 239.8 us (0.0%)
[Performance] BuildAssetBundles                                                                                              :        1 samples, Peak.   957 ms (1.0x), Avg.   957 ms, Total. 956.5 ms (6.7%)
[Performance] GenerateAssemblyTypeInfos                                                                                      :        2 samples, Peak.   993 us (1.8x), Avg.   557 us, Total. 1.114 ms (0.0%)
[Performance] EditorApplication.quitting: callback in UnityEditor.TextCore.Text.EditorEventCallbacks                         :        1 samples, Peak.  1.21 ms (1.0x), Avg.  1.21 ms, Total. 1.214 ms (0.0%)
[Performance] Application.Shutdown.PauseProfilerSession                                                                      :        1 samples, Peak.   193 us (1.0x), Avg.   193 us, Total. 193.5 us (0.0%)
[Performance] Application.Shutdown.PauseAssetImportWorkers                                                                   :        1 samples, Peak.   118 us (1.0x), Avg.   118 us, Total. 118.3 us (0.0%)
[Performance] Application.Shutdown.SaveAssets                                                                                :        1 samples, Peak.   162 us (1.0x), Avg.   162 us, Total. 161.5 us (0.0%)
[Performance] Application.Shutdown.CleanupRenderPipeline                                                                     :        1 samples, Peak.  1.50 us (1.0x), Avg.  1.50 us, Total. 1.500 us (0.0%)
[Performance] Application.Shutdown.StopPreloadManager                                                                        :        1 samples, Peak.  9.99 ms (1.0x), Avg.  9.99 ms, Total. 9.994 ms (0.1%)
[Performance] Application.Shutdown.DestroyWorld                                                                              :        1 samples, Peak.   202 us (1.0x), Avg.   202 us, Total. 201.7 us (0.0%)
[Performance] Application.Shutdown.CleanupAfterLoad                                                                          :        1 samples, Peak.  1.72 ms (1.0x), Avg.  1.72 ms, Total. 1.716 ms (0.0%)
[Performance] Application.Shutdown.Progress                                                                                  :        1 samples, Peak.  7.60 us (1.0x), Avg.  7.60 us, Total. 7.600 us (0.0%)
[Performance] Application.Shutdown.GICleanupManagers                                                                         :        1 samples, Peak.  1.90 ms (1.0x), Avg.  1.90 ms, Total. 1.897 ms (0.0%)
[Performance] Application.Shutdown.MenuCleanupClass                                                                          :        1 samples, Peak.   106 us (1.0x), Avg.   106 us, Total. 106.5 us (0.0%)
[Performance] Application.Shutdown.ADBSaveStateBeforeShutdown                                                                :        1 samples, Peak.  3.80 us (1.0x), Avg.  3.80 us, Total. 3.800 us (0.0%)
[Performance] Application.Shutdown.RemoteShutdown                                                                            :        1 samples, Peak.   600 ns (1.0x), Avg.   600 ns, Total. 600.0 ns (0.0%)
[Performance] Application.Shutdown.CleanupVCProvider                                                                         :        1 samples, Peak.  6.50 us (1.0x), Avg.  6.50 us, Total. 6.500 us (0.0%)
[Performance] Application.Shutdown.InputShutdown                                                                             :        1 samples, Peak.   400 ns (1.0x), Avg.   400 ns, Total. 400.0 ns (0.0%)
[Performance] Application.Shutdown.GizmoManagerDestroy                                                                       :        1 samples, Peak.   582 us (1.0x), Avg.   582 us, Total. 581.6 us (0.0%)
[Performance] Application.Shutdown.ProfilerSession                                                                           :        1 samples, Peak.   312 us (1.0x), Avg.   312 us, Total. 312.0 us (0.0%)
[Performance] Application.Shutdown.ReleaseGfxWindowOnAllGUIViews                                                             :        1 samples, Peak.   200 ns (1.0x), Avg.   200 ns, Total. 200.0 ns (0.0%)
[Performance] Application.Shutdown.CleanupEngine                                                                             :        1 samples, Peak.   141 ms (1.0x), Avg.   141 ms, Total. 140.6 ms (1.0%)
[Performance] Application.Shutdown.CleanupAssetDatabase                                                                      :        1 samples, Peak.  3.12 ms (1.0x), Avg.  3.12 ms, Total. 3.121 ms (0.0%)
[Performance] Application.Shutdown.ScriptCompilationCleanUp                                                                  :        1 samples, Peak.  10.7 ms (1.0x), Avg.  10.7 ms, Total. 10.69 ms (0.1%)
[Performance] Application.Shutdown.DestroyJobSystem                                                                          :        1 samples, Peak.  39.7 us (1.0x), Avg.  39.7 us, Total. 39.70 us (0.0%)
[Performance] Application.Shutdown.CleanupPersistentManager                                                                  :        1 samples, Peak.   543 us (1.0x), Avg.   543 us, Total. 542.6 us (0.0%)
[Performance] Application.Shutdown.CleanupAsyncReadManager                                                                   :        1 samples, Peak.  1.20 ms (1.0x), Avg.  1.20 ms, Total. 1.204 ms (0.0%)
[Performance] Application.Shutdown.CleanupProgressBar                                                                        :        1 samples, Peak.   200 ns (1.0x), Avg.   200 ns, Total. 200.0 ns (0.0%)
[Performance] Application.Shutdown.CleanupMono                                                                               :        1 samples, Peak.  31.9 ms (1.0x), Avg.  31.9 ms, Total. 31.93 ms (0.2%)
[Performance] Application.Shutdown.CleanupStdConverters                                                                      :        1 samples, Peak.  8.40 us (1.0x), Avg.  8.40 us, Total. 8.400 us (0.0%)
[Performance] Application.Shutdown.UnloadAllPlatformSupportModuleNativeDlls                                                  :        1 samples, Peak.   500 ns (1.0x), Avg.   500 ns, Total. 500.0 ns (0.0%)
[Performance] Application.Shutdown.UnloadAllPlatformSupportNativeLibraries                                                   :        1 samples, Peak.   100 ns (1.0x), Avg.   100 ns, Total. 100.0 ns (0.0%)
[Performance] Application.Shutdown.CleanupAutoDocumentation                                                                  :        1 samples, Peak.   288 us (1.0x), Avg.   288 us, Total. 288.2 us (0.0%)
[Performance] Application.Shutdown.ShaderNameManagerDestroy                                                                  :        1 samples, Peak.  37.9 us (1.0x), Avg.  37.9 us, Total. 37.90 us (0.0%)
[Performance] Application.Shutdown.CleanupCacheServer                                                                        :        1 samples, Peak. 100.0 ns (1.0x), Avg. 100.0 ns, Total. 100.00 ns (0.0%)
[Performance] Application.Shutdown.Virtualization_Shutdown                                                                   :        1 samples, Peak.   300 ns (1.0x), Avg.   300 ns, Total. 300.0 ns (0.0%)
[Performance] Application.Shutdown.DevConnections                                                                            :        1 samples, Peak.   159 us (1.0x), Avg.   159 us, Total. 159.4 us (0.0%)
Exiting batchmode successfully now!
Exiting without the bug reporter. Application will terminate with return code 0